{
  "version": "1.5.0",
  "plugins_used": [
    {
      "name": "ArtifactoryDetector"
    },
    {
      "name": "AWSKeyDetector"
    },
    {
      "name": "AzureStorageKeyDetector"
    },
    {
      "name": "Base64HighEntropyString",
      "limit": 4.5
    },
    {
      "name": "BasicAuthDetector"
    },
    {
      "name": "CloudantDetector"
    },
    {
      "name": "DiscordBotTokenDetector"
    },
    {
      "name": "GitHubTokenDetector"
    },
    {
      "name": "GitLabTokenDetector"
    },
    {
      "name": "HexHighEntropyString",
      "limit": 3.0
    },
    {
      "name": "IbmCloudIamDetector"
    },
    {
      "name": "IbmCosHmacDetector"
    },
    {
      "name": "IPPublicDetector"
    },
    {
      "name": "JwtTokenDetector"
    },
    {
      "name": "KeywordDetector",
      "keyword_exclude": ""
    },
    {
      "name": "MailchimpDetector"
    },
    {
      "name": "NpmDetector"
    },
    {
      "name": "OpenAIDetector"
    },
    {
      "name": "PrivateKeyDetector"
    },
    {
      "name": "PypiTokenDetector"
    },
    {
      "name": "SendGridDetector"
    },
    {
      "name": "SlackDetector"
    },
    {
      "name": "SoftlayerDetector"
    },
    {
      "name": "SquareOAuthDetector"
    },
    {
      "name": "StripeDetector"
    },
    {
      "name": "TelegramBotTokenDetector"
    },
    {
      "name": "TwilioKeyDetector"
    }
  ],
  "filters_used": [
    {
      "path": "detect_secrets.filters.allowlist.is_line_allowlisted"
    },
    {
      "path": "detect_secrets.filters.common.is_ignored_due_to_verification_policies",
      "min_level": 2
    },
    {
      "path": "detect_secrets.filters.heuristic.is_indirect_reference"
    },
    {
      "path": "detect_secrets.filters.heuristic.is_likely_id_string"
    },
    {
      "path": "detect_secrets.filters.heuristic.is_lock_file"
    },
    {
      "path": "detect_secrets.filters.heuristic.is_not_alphanumeric_string"
    },
    {
      "path": "detect_secrets.filters.heuristic.is_potential_uuid"
    },
    {
      "path": "detect_secrets.filters.heuristic.is_prefixed_with_dollar_sign"
    },
    {
      "path": "detect_secrets.filters.heuristic.is_sequential_string"
    },
    {
      "path": "detect_secrets.filters.heuristic.is_swagger_file"
    },
    {
      "path": "detect_secrets.filters.heuristic.is_templated_secret"
    }
  ],
  "results": {
    "apphosting.emulator.yaml": [
      {
        "type": "Secret Keyword",
        "filename": "apphosting.emulator.yaml",
        "hashed_secret": "9c90498e5dc1f3cf4332fbd5d3428aedfed663b4",
        "is_verified": false,
        "line_number": 5
      }
    ],
    "apphosting.prod.yaml": [
      {
        "type": "Base64 High Entropy String",
        "filename": "apphosting.prod.yaml",
        "hashed_secret": "055de348bc640956e9b764799aac6af737854a7f",
        "is_verified": false,
        "line_number": 16
      },
      {
        "type": "Secret Keyword",
        "filename": "apphosting.prod.yaml",
        "hashed_secret": "055de348bc640956e9b764799aac6af737854a7f",
        "is_verified": false,
        "line_number": 16
      },
      {
        "type": "Base64 High Entropy String",
        "filename": "apphosting.prod.yaml",
        "hashed_secret": "cab11e92916d6a89a14f4e1bc7a35b169e2158fd",
        "is_verified": false,
        "line_number": 21
      },
      {
        "type": "Secret Keyword",
        "filename": "apphosting.prod.yaml",
        "hashed_secret": "cab11e92916d6a89a14f4e1bc7a35b169e2158fd",
        "is_verified": false,
        "line_number": 21
      },
      {
        "type": "Base64 High Entropy String",
        "filename": "apphosting.prod.yaml",
        "hashed_secret": "5719abe6cd7aee8a92c6def80d66e4b6045903a7",
        "is_verified": false,
        "line_number": 26
      },
      {
        "type": "Secret Keyword",
        "filename": "apphosting.prod.yaml",
        "hashed_secret": "5719abe6cd7aee8a92c6def80d66e4b6045903a7",
        "is_verified": false,
        "line_number": 26
      },
      {
        "type": "Base64 High Entropy String",
        "filename": "apphosting.prod.yaml",
        "hashed_secret": "52971d848284674ac97c48081a5395d7caf18246",
        "is_verified": false,
        "line_number": 31
      },
      {
        "type": "Secret Keyword",
        "filename": "apphosting.prod.yaml",
        "hashed_secret": "52971d848284674ac97c48081a5395d7caf18246",
        "is_verified": false,
        "line_number": 31
      },
      {
        "type": "Secret Keyword",
        "filename": "apphosting.prod.yaml",
        "hashed_secret": "86f643c7852e6f6e5f2747dfeb924901878bfe69",
        "is_verified": false,
        "line_number": 36
      },
      {
        "type": "Secret Keyword",
        "filename": "apphosting.prod.yaml",
        "hashed_secret": "b4df265ee876371b6b7fcb6f581a4e96b9b83452",
        "is_verified": false,
        "line_number": 46
      },
      {
        "type": "Base64 High Entropy String",
        "filename": "apphosting.prod.yaml",
        "hashed_secret": "89a5ea75cea9ccca0d1c2c9fc6477b913df46c5c",
        "is_verified": false,
        "line_number": 50
      },
      {
        "type": "Secret Keyword",
        "filename": "apphosting.prod.yaml",
        "hashed_secret": "89a5ea75cea9ccca0d1c2c9fc6477b913df46c5c",
        "is_verified": false,
        "line_number": 50
      },
      {
        "type": "Base64 High Entropy String",
        "filename": "apphosting.prod.yaml",
        "hashed_secret": "3e811a9db61c4a8c8e6b47a63cfdae10f7942f2e",
        "is_verified": false,
        "line_number": 55
      },
      {
        "type": "Secret Keyword",
        "filename": "apphosting.prod.yaml",
        "hashed_secret": "3e811a9db61c4a8c8e6b47a63cfdae10f7942f2e",
        "is_verified": false,
        "line_number": 55
      },
      {
        "type": "Base64 High Entropy String",
        "filename": "apphosting.prod.yaml",
        "hashed_secret": "2b7734eefb370f829768948a7b2c3c9e62c74790",
        "is_verified": false,
        "line_number": 60
      },
      {
        "type": "Secret Keyword",
        "filename": "apphosting.prod.yaml",
        "hashed_secret": "2b7734eefb370f829768948a7b2c3c9e62c74790",
        "is_verified": false,
        "line_number": 60
      },
      {
        "type": "Base64 High Entropy String",
        "filename": "apphosting.prod.yaml",
        "hashed_secret": "fa007af27cbc46d4d7eb67354d72f5182ef493d7",
        "is_verified": false,
        "line_number": 65
      },
      {
        "type": "Secret Keyword",
        "filename": "apphosting.prod.yaml",
        "hashed_secret": "fa007af27cbc46d4d7eb67354d72f5182ef493d7",
        "is_verified": false,
        "line_number": 65
      },
      {
        "type": "Base64 High Entropy String",
        "filename": "apphosting.prod.yaml",
        "hashed_secret": "a811329b65a22b9aaa5443877b2726a009af9d42",
        "is_verified": false,
        "line_number": 70
      },
      {
        "type": "Secret Keyword",
        "filename": "apphosting.prod.yaml",
        "hashed_secret": "a811329b65a22b9aaa5443877b2726a009af9d42",
        "is_verified": false,
        "line_number": 70
      },
      {
        "type": "Base64 High Entropy String",
        "filename": "apphosting.prod.yaml",
        "hashed_secret": "dad463d3b27763ef54a04b2ac77834fe07289f57",
        "is_verified": false,
        "line_number": 75
      },
      {
        "type": "Secret Keyword",
        "filename": "apphosting.prod.yaml",
        "hashed_secret": "dad463d3b27763ef54a04b2ac77834fe07289f57",
        "is_verified": false,
        "line_number": 75
      },
      {
        "type": "Base64 High Entropy String",
        "filename": "apphosting.prod.yaml",
        "hashed_secret": "05c7fd667e904ceadaaa105be6d0e6bd6d4abf09",
        "is_verified": false,
        "line_number": 80
      },
      {
        "type": "Secret Keyword",
        "filename": "apphosting.prod.yaml",
        "hashed_secret": "05c7fd667e904ceadaaa105be6d0e6bd6d4abf09",
        "is_verified": false,
        "line_number": 80
      },
      {
        "type": "Base64 High Entropy String",
        "filename": "apphosting.prod.yaml",
        "hashed_secret": "926e279d3d30d52d26780802465a0809f2296097",
        "is_verified": false,
        "line_number": 85
      },
      {
        "type": "Secret Keyword",
        "filename": "apphosting.prod.yaml",
        "hashed_secret": "926e279d3d30d52d26780802465a0809f2296097",
        "is_verified": false,
        "line_number": 85
      }
    ],
    "apphosting.yaml": [
      {
        "type": "Base64 High Entropy String",
        "filename": "apphosting.yaml",
        "hashed_secret": "055de348bc640956e9b764799aac6af737854a7f",
        "is_verified": false,
        "line_number": 16
      },
      {
        "type": "Secret Keyword",
        "filename": "apphosting.yaml",
        "hashed_secret": "055de348bc640956e9b764799aac6af737854a7f",
        "is_verified": false,
        "line_number": 16
      },
      {
        "type": "Base64 High Entropy String",
        "filename": "apphosting.yaml",
        "hashed_secret": "cab11e92916d6a89a14f4e1bc7a35b169e2158fd",
        "is_verified": false,
        "line_number": 21
      },
      {
        "type": "Secret Keyword",
        "filename": "apphosting.yaml",
        "hashed_secret": "cab11e92916d6a89a14f4e1bc7a35b169e2158fd",
        "is_verified": false,
        "line_number": 21
      },
      {
        "type": "Base64 High Entropy String",
        "filename": "apphosting.yaml",
        "hashed_secret": "5719abe6cd7aee8a92c6def80d66e4b6045903a7",
        "is_verified": false,
        "line_number": 26
      },
      {
        "type": "Secret Keyword",
        "filename": "apphosting.yaml",
        "hashed_secret": "5719abe6cd7aee8a92c6def80d66e4b6045903a7",
        "is_verified": false,
        "line_number": 26
      },
      {
        "type": "Base64 High Entropy String",
        "filename": "apphosting.yaml",
        "hashed_secret": "52971d848284674ac97c48081a5395d7caf18246",
        "is_verified": false,
        "line_number": 31
      },
      {
        "type": "Secret Keyword",
        "filename": "apphosting.yaml",
        "hashed_secret": "52971d848284674ac97c48081a5395d7caf18246",
        "is_verified": false,
        "line_number": 31
      },
      {
        "type": "Secret Keyword",
        "filename": "apphosting.yaml",
        "hashed_secret": "86f643c7852e6f6e5f2747dfeb924901878bfe69",
        "is_verified": false,
        "line_number": 36
      },
      {
        "type": "Secret Keyword",
        "filename": "apphosting.yaml",
        "hashed_secret": "b4df265ee876371b6b7fcb6f581a4e96b9b83452",
        "is_verified": false,
        "line_number": 46
      },
      {
        "type": "Base64 High Entropy String",
        "filename": "apphosting.yaml",
        "hashed_secret": "89a5ea75cea9ccca0d1c2c9fc6477b913df46c5c",
        "is_verified": false,
        "line_number": 50
      },
      {
        "type": "Secret Keyword",
        "filename": "apphosting.yaml",
        "hashed_secret": "89a5ea75cea9ccca0d1c2c9fc6477b913df46c5c",
        "is_verified": false,
        "line_number": 50
      },
      {
        "type": "Base64 High Entropy String",
        "filename": "apphosting.yaml",
        "hashed_secret": "3e811a9db61c4a8c8e6b47a63cfdae10f7942f2e",
        "is_verified": false,
        "line_number": 55
      },
      {
        "type": "Secret Keyword",
        "filename": "apphosting.yaml",
        "hashed_secret": "3e811a9db61c4a8c8e6b47a63cfdae10f7942f2e",
        "is_verified": false,
        "line_number": 55
      },
      {
        "type": "Base64 High Entropy String",
        "filename": "apphosting.yaml",
        "hashed_secret": "2b7734eefb370f829768948a7b2c3c9e62c74790",
        "is_verified": false,
        "line_number": 60
      },
      {
        "type": "Secret Keyword",
        "filename": "apphosting.yaml",
        "hashed_secret": "2b7734eefb370f829768948a7b2c3c9e62c74790",
        "is_verified": false,
        "line_number": 60
      },
      {
        "type": "Base64 High Entropy String",
        "filename": "apphosting.yaml",
        "hashed_secret": "fa007af27cbc46d4d7eb67354d72f5182ef493d7",
        "is_verified": false,
        "line_number": 65
      },
      {
        "type": "Secret Keyword",
        "filename": "apphosting.yaml",
        "hashed_secret": "fa007af27cbc46d4d7eb67354d72f5182ef493d7",
        "is_verified": false,
        "line_number": 65
      },
      {
        "type": "Base64 High Entropy String",
        "filename": "apphosting.yaml",
        "hashed_secret": "a811329b65a22b9aaa5443877b2726a009af9d42",
        "is_verified": false,
        "line_number": 70
      },
      {
        "type": "Secret Keyword",
        "filename": "apphosting.yaml",
        "hashed_secret": "a811329b65a22b9aaa5443877b2726a009af9d42",
        "is_verified": false,
        "line_number": 70
      },
      {
        "type": "Base64 High Entropy String",
        "filename": "apphosting.yaml",
        "hashed_secret": "dad463d3b27763ef54a04b2ac77834fe07289f57",
        "is_verified": false,
        "line_number": 75
      },
      {
        "type": "Secret Keyword",
        "filename": "apphosting.yaml",
        "hashed_secret": "dad463d3b27763ef54a04b2ac77834fe07289f57",
        "is_verified": false,
        "line_number": 75
      },
      {
        "type": "Base64 High Entropy String",
        "filename": "apphosting.yaml",
        "hashed_secret": "05c7fd667e904ceadaaa105be6d0e6bd6d4abf09",
        "is_verified": false,
        "line_number": 80
      },
      {
        "type": "Secret Keyword",
        "filename": "apphosting.yaml",
        "hashed_secret": "05c7fd667e904ceadaaa105be6d0e6bd6d4abf09",
        "is_verified": false,
        "line_number": 80
      },
      {
        "type": "Base64 High Entropy String",
        "filename": "apphosting.yaml",
        "hashed_secret": "926e279d3d30d52d26780802465a0809f2296097",
        "is_verified": false,
        "line_number": 85
      },
      {
        "type": "Secret Keyword",
        "filename": "apphosting.yaml",
        "hashed_secret": "926e279d3d30d52d26780802465a0809f2296097",
        "is_verified": false,
        "line_number": 85
      }
    ],
    "src/__tests__/auth.callbacks.test.ts": [
      {
        "type": "Secret Keyword",
        "filename": "src/__tests__/auth.callbacks.test.ts",
        "hashed_secret": "c424520c67bedf86af83b92db1683276e6537516",
        "is_verified": false,
        "line_number": 13
      },
      {
        "type": "Secret Keyword",
        "filename": "src/__tests__/auth.callbacks.test.ts",
        "hashed_secret": "2ead616fa8623c82c3f3ef6424350f86f3519146",
        "is_verified": false,
        "line_number": 15
      },
      {
        "type": "Secret Keyword",
        "filename": "src/__tests__/auth.callbacks.test.ts",
        "hashed_secret": "4968985b8c20800d4c89776ff71f1c05337238d9",
        "is_verified": false,
        "line_number": 16
      }
    ],
    "src/lib/firebase-admin.ts": [
      {
        "type": "Secret Keyword",
        "filename": "src/lib/firebase-admin.ts",
        "hashed_secret": "ecb252044b5ea0f679ee78ec1a12904739e2904d",
        "is_verified": false,
        "line_number": 10
      }
    ]
  },
  "generated_at": "2025-06-29T10:17:22Z"
}
